[03.04.2026 20:11:30] [INFO] HTTP GET / — початок обробки
[03.04.2026 20:11:30] [INFO] HTTP GET / — початок обробки
[03.04.2026 20:11:30] [INFO] HTTP GET / — статус 200, час 34 мс
[03.04.2026 20:11:30] [INFO] HTTP GET / — статус 200, час 2 мс
[03.04.2026 20:11:30] [INFO] HTTP GET /favicon.ico — початок обробки
[03.04.2026 20:11:30] [INFO] HTTP GET /favicon.ico — статус 404, час 0 мс
[03.04.2026 20:11:34] [INFO] HTTP GET /admin — початок обробки
[03.04.2026 20:11:34] [WARN] Спроба входу в адмін-панель без авторизації
[03.04.2026 20:11:34] [INFO] HTTP GET /admin — статус 302, час 20 мс
[03.04.2026 20:11:34] [INFO] HTTP GET /admin/login — початок обробки
[03.04.2026 20:11:34] [INFO] HTTP GET /admin/login — статус 200, час 4 мс
[03.04.2026 20:11:43] [INFO] HTTP POST /admin/login — початок обробки
[03.04.2026 20:11:43] [INFO] Успішний вхід в адмін-панель
[03.04.2026 20:11:43] [INFO] HTTP POST /admin/login — статус 302, час 9 мс
[03.04.2026 20:11:43] [INFO] HTTP GET /admin — початок обробки
[03.04.2026 20:11:43] [INFO] Відкрито адмін-панель
[03.04.2026 20:11:43] [INFO] HTTP GET /admin — статус 200, час 355 мс
[03.04.2026 20:11:46] [INFO] HTTP GET /admin — початок обробки
[03.04.2026 20:11:46] [INFO] Відкрито адмін-панель
[03.04.2026 20:11:46] [INFO] HTTP GET /admin — статус 200, час 244 мс
[03.04.2026 20:11:47] [INFO] HTTP GET /admin — початок обробки
[03.04.2026 20:11:47] [INFO] Відкрито адмін-панель
[03.04.2026 20:11:47] [INFO] HTTP GET /admin — статус 200, час 209 мс
[03.04.2026 20:14:42] [INFO] HTTP GET / — початок обробки
[03.04.2026 20:14:42] [INFO] HTTP GET / — статус 200, час 0 мс
[03.04.2026 20:14:44] [INFO] HTTP GET / — початок обробки
[03.04.2026 20:14:44] [INFO] HTTP GET / — статус 200, час 0 мс
[03.04.2026 20:14:45] [INFO] HTTP GET /admin — початок обробки
[03.04.2026 20:14:45] [INFO] Відкрито адмін-панель
[03.04.2026 20:14:45] [INFO] HTTP GET /admin — статус 200, час 216 мс
[03.04.2026 20:15:00] [INFO] HTTP POST /admin/add — початок обробки
[03.04.2026 20:15:00] [ERROR] Помилка при додаванні гри '1': An error occurred while saving the entity changes. See the inner exception for details.
[03.04.2026 20:15:00] [INFO] HTTP POST /admin/add — статус 200, час 116 мс
[03.04.2026 20:15:16] [INFO] HTTP GET /.well-known/appspecific/com.chrome.devtools.json — початок обробки
[03.04.2026 20:15:16] [INFO] HTTP GET /.well-known/appspecific/com.chrome.devtools.json — статус 404, час 0 мс
[03.04.2026 20:16:17] [INFO] HTTP GET / — початок обробки
[03.04.2026 20:16:17] [INFO] HTTP GET / — статус 200, час 18 мс
[03.04.2026 20:16:18] [INFO] HTTP GET /admin — початок обробки
[03.04.2026 20:16:18] [INFO] Відкрито адмін-панель
[03.04.2026 20:16:18] [INFO] HTTP GET /admin — статус 200, час 339 мс
[03.04.2026 20:16:33] [INFO] HTTP POST /admin/add — початок обробки
[03.04.2026 20:16:33] [ERROR] Помилка при додаванні гри '12': An error occurred while saving the entity changes. See the inner exception for details.
[03.04.2026 20:16:33] [INFO] HTTP POST /admin/add — статус 200, час 131 мс
[03.04.2026 20:18:49] [INFO] HTTP GET / — початок обробки
[03.04.2026 20:18:49] [INFO] HTTP GET / — статус 200, час 20 мс
[03.04.2026 20:18:51] [INFO] HTTP GET /admin — початок обробки
[03.04.2026 20:18:51] [INFO] Відкрито адмін-панель
[03.04.2026 20:18:51] [INFO] HTTP GET /admin — статус 200, час 340 мс
[03.04.2026 20:19:02] [INFO] HTTP POST /admin/add — початок обробки
[03.04.2026 20:19:03] [INFO] Додано гру: id=1, title=123
[03.04.2026 20:19:03] [INFO] HTTP POST /admin/add — статус 302, час 297 мс
[03.04.2026 20:19:03] [INFO] HTTP GET /admin — початок обробки
[03.04.2026 20:19:03] [INFO] Відкрито адмін-панель
[03.04.2026 20:19:03] [INFO] HTTP GET /admin — статус 200, час 213 мс
[03.04.2026 20:19:03] [INFO] HTTP GET /images/default_cover.png — початок обробки
[03.04.2026 20:19:03] [INFO] HTTP GET /images/default_cover.png — статус 404, час 0 мс
[03.04.2026 20:19:05] [INFO] HTTP GET /admin/details/1 — початок обробки
[03.04.2026 20:19:05] [INFO] Відкрито інформацію про гру id=1, title=123
[03.04.2026 20:19:05] [INFO] HTTP GET /admin/details/1 — статус 200, час 276 мс
[03.04.2026 20:19:05] [INFO] HTTP GET /images/default_cover.png — початок обробки
[03.04.2026 20:19:05] [INFO] HTTP GET /images/default_cover.png — статус 404, час 0 мс
[03.04.2026 20:19:08] [INFO] HTTP GET /admin — початок обробки
[03.04.2026 20:19:08] [INFO] Відкрито адмін-панель
[03.04.2026 20:19:09] [INFO] HTTP GET /admin — статус 200, час 207 мс
[03.04.2026 20:19:09] [INFO] HTTP GET /images/default_cover.png — початок обробки
[03.04.2026 20:19:09] [INFO] HTTP GET /images/default_cover.png — статус 404, час 0 мс
[03.04.2026 20:19:11] [INFO] HTTP GET /admin/delete/1 — початок обробки
[03.04.2026 20:19:11] [WARN] Видалено гру: id=1, title=123
[03.04.2026 20:19:11] [INFO] HTTP GET /admin/delete/1 — статус 302, час 556 мс
[03.04.2026 20:19:11] [INFO] HTTP GET /admin — початок обробки
[03.04.2026 20:19:11] [INFO] Відкрито адмін-панель
[03.04.2026 20:19:11] [INFO] HTTP GET /admin — статус 200, час 206 мс
[03.04.2026 20:19:12] [INFO] HTTP GET /admin — початок обробки
[03.04.2026 20:19:12] [INFO] Відкрито адмін-панель
[03.04.2026 20:19:13] [INFO] HTTP GET /admin — статус 200, час 206 мс
